[uselesswebsitelogi.wixsite.com/ai4stest.html]
[static.parastorage.com/services/wix-thunderbolt/dist/originTrials.41d7301a.bundle.min.js]
[static.parastorage.com/unpkg/core-js-bundle@3.2.1/minified.js]
[static.parastorage.com/unpkg/focus-within-polyfill@5.0.9/dist/focus-within-polyfill.js]
[backblue.gif]
[fade.gif]
[index.html]
[static.parastorage.com/services/editor-elements-library/dist/thunderbolt/media/ironpatern.84ec58ff.png]
[polyfill-fastly.io/v3/polyfill.mind82c.js]
[static.wixstatic.com/media/2bc7fc_db9cfe32e42b41b9868565356012e322_mv2.jpeg/v1/fill/w_103,h_106,al_c,q_80,usm_0.66_1.00_0.01,enc_auto/ai4s.jpg]
[uselesswebsitelogi.wixsite.com/index.html]
[uselesswebsitelogi.wixsite.com/ai4stest/workshops.html]
[uselesswebsitelogi.wixsite.com/ai4stest/aisd.html]
[uselesswebsitelogi.wixsite.com/ai4stest/call-for-papers.html]
[uselesswebsitelogi.wixsite.com/ai4stest/important-dates.html]
[uselesswebsitelogi.wixsite.com/ai4stest/keynote-speakers.html]
[uselesswebsitelogi.wixsite.com/ai4stest/committee-1.html]
[uselesswebsitelogi.wixsite.com/ai4stest/registration.html]
[uselesswebsitelogi.wixsite.com/ai4stest/venue.html]
[uselesswebsitelogi.wixsite.com/ai4stest/journal-publications.html]
[uselesswebsitelogi.wixsite.com/ai4stest/history.html]
[static.wixstatic.com/media/2bc7fc_af42f0aefe0d48d09672263a04780e6f_mv2.jpg/v1/fill/w_147,h_30,al_c,q_80,usm_0.66_1.00_0.01,blur_2,enc_auto/2bc7fc_af42f0aefe0d48d09672263a04780e6f_mv2.jpg]
[static.wixstatic.com/media/2bc7fc_7e2e58ede38942a58b219656d42ff1f2_mv2.jpg/v1/fill/w_187,h_52,al_c,q_80,usm_0.66_1.00_0.01,blur_3,enc_auto/2bc7fc_7e2e58ede38942a58b219656d42ff1f2_mv2.jpg]
[static.wixstatic.com/media/2bc7fc_9abdb4b2c0954a81911ea29583428e07_mv2.jpg/v1/fill/w_172,h_97,al_c,q_80,usm_0.66_1.00_0.01,blur_3,enc_auto/uat.jpg]
[static.wixstatic.com/media/2bc7fc_aad913ca1b4340aa82706cb2c574876c_mv2.png/v1/fill/w_169,h_127,al_c,q_85,usm_0.66_1.00_0.01,blur_3,enc_auto/springer.png]
[static.wixstatic.com/media/2bc7fc_ce2c9345917e4fb9bec3e85288ba1616_mv2.png/v1/fill/w_194,h_89,al_c,q_85,usm_0.66_1.00_0.01,blur_3,enc_auto/index.png]
[static.wixstatic.com/media/2bc7fc_63860032aa8349fd9f2119197851e987_mv2.png/v1/fill/w_186,h_80,al_c,q_85,usm_0.66_1.00_0.01,blur_3,enc_auto/orkg.png]
[browser.sentry-cdn.com/6.18.2/bundle.min.js]
[uselesswebsitelogi.wixsite.com/sitemap.18.delayed]
[uselesswebsitelogi.wixsite.com/feed.19.delayed]
[uselesswebsitelogi.wixsite.com/${n.1a.delayed]
[static.parastorage.com/services/wix-thunderbolt/dist/thunderbolt-commons.5af2c640.bundle.min.js]
[static.parastorage.com/services/wix-thunderbolt/dist/main.f74b0c19.bundle.min.js]
[static.parastorage.com/services/wix-thunderbolt/dist/main.renderer.1d21f023.bundle.min.js]
[static.parastorage.com/unpkg/lodash@4.17.21/lodash.min.js]
[static.parastorage.com/unpkg/react@18.2.0/umd/react.production.min.js]
[static.parastorage.com/unpkg/react-dom@18.2.0/umd/react-dom.production.min.js]
[uselesswebsitelogi.wixsite.com/decodeURIComponent(e.21.delayed]
[static.parastorage.com/services/tag-manager-client/1.827.0/siteTags.bundle.min.js]
[uselesswebsitelogi.wixsite.com/ai4stest.html]
[uselesswebsitelogi.wixsite.com/index.html]
[static.parastorage.com/services/wix-perf-measure/1.1095.0/wix-perf-measure.umd.min.js]
[uselesswebsitelogi.wixsite.com/ai4stest/robots.24.delayed]
[uselesswebsitelogi.wixsite.com/ai4stest/sitemap.xml]
[uselesswebsitelogi.wixsite.com/ai4stest/feed.26.delayed]
[uselesswebsitelogi.wixsite.com/ai4stest/${n.27.delayed]
[uselesswebsitelogi.wixsite.com/ai4stest/decodeURIComponent(e.28.delayed]
[uselesswebsitelogi.wixsite.com/ai4stest/workshops.html]
[uselesswebsitelogi.wixsite.com/ai4stest/aisd.html]
[uselesswebsitelogi.wixsite.com/ai4stest/call-for-papers.html]
[uselesswebsitelogi.wixsite.com/ai4stest/important-dates.html]
[uselesswebsitelogi.wixsite.com/ai4stest/keynote-speakers.html]
[uselesswebsitelogi.wixsite.com/ai4stest/committee-1.html]
[uselesswebsitelogi.wixsite.com/ai4stest/registration.html]
[uselesswebsitelogi.wixsite.com/ai4stest/venue.html]
[uselesswebsitelogi.wixsite.com/ai4stest/journal-publications.html]
[uselesswebsitelogi.wixsite.com/ai4stest/history.html]
[uselesswebsitelogi.wixsite.com/sitemap.html]
[uselesswebsitelogi.wixsite.com/feed.html]
[uselesswebsitelogi.wixsite.com/${n.html]
[uselesswebsitelogi.wixsite.com/decodeURIComponent(e.html]
[uselesswebsitelogi.wixsite.com/ai4stest/robots.html]
[uselesswebsitelogi.wixsite.com/ai4stest/feed.html]
[uselesswebsitelogi.wixsite.com/ai4stest/${n.html]
[uselesswebsitelogi.wixsite.com/ai4stest/decodeURIComponent(e.html]
[static.wixstatic.com/media/11062b_778064cdb3784a2e87e1cd27ae6dc6fe_mv2.jpg/v1/fill/w_132,h_74,al_c,q_80,usm_0.66_1.00_0.01,blur_2,enc_auto/11062b_778064cdb3784a2e87e1cd27ae6dc6fe_mv2.jpg]
